Warning: Ignoring extra certs from `/Users/dmccord/Apex.pem`, load failed: error:80000002:system library::No such file or directory

> build
> next build

Warning: Ignoring extra certs from `/Users/dmccord/Apex.pem`, load failed: error:80000002:system library::No such file or directory
 ⚠ Warning: Next.js inferred your workspace root, but it may not be correct.
 We detected multiple lockfiles and selected the directory of /Users/dmccord/pnpm-lock.yaml as the root directory.
 To silence this warning, set `outputFileTracingRoot` in your Next.js config, or consider removing one of the lockfiles if it's not needed.
   See https://nextjs.org/docs/app/api-reference/config/next-config-js/output#caveats for more information.
 Detected additional lockfiles: 
   * /Users/dmccord/Projects/vibeCode/shadowdark-tools-supabase/package-lock.json

   ▲ Next.js 15.5.3
   - Environments: .env.local

   Creating an optimized production build ...
(node:94879) Warning: Setting the NODE_TLS_REJECT_UNAUTHORIZED environment variable to '0' makes TLS connections and HTTPS requests insecure by disabling certificate verification.
(Use `node --trace-warnings ...` to show where the warning was created)
Warning: Ignoring extra certs from `/Users/dmccord/Apex.pem`, load failed: error:80000002:system library::No such file or directory
 ⚠ Compiled with warnings in 4.4s

./src/components/layout/MobileNav.tsx
Attempted import error: 'IconWand' is not exported from '__barrel_optimize__?names=IconDashboard,IconLogout,IconSettings,IconUser,IconWand,Sword!=!lucide-react' (imported as 'IconWand').

Import trace for requested module:
./src/components/layout/MobileNav.tsx
./src/components/providers/RootProvider.tsx

./src/components/layout/MobileNav.tsx
Attempted import error: 'IconUser' is not exported from '__barrel_optimize__?names=IconDashboard,IconLogout,IconSettings,IconUser,IconWand,Sword!=!lucide-react' (imported as 'IconUser').

Import trace for requested module:
./src/components/layout/MobileNav.tsx
./src/components/providers/RootProvider.tsx

./src/components/layout/MobileNav.tsx
Attempted import error: 'IconSettings' is not exported from '__barrel_optimize__?names=IconDashboard,IconLogout,IconSettings,IconUser,IconWand,Sword!=!lucide-react' (imported as 'IconSettings').

Import trace for requested module:
./src/components/layout/MobileNav.tsx
./src/components/providers/RootProvider.tsx

./src/components/layout/MobileNav.tsx
Attempted import error: 'IconDashboard' is not exported from '__barrel_optimize__?names=IconDashboard,IconLogout,IconSettings,IconUser,IconWand,Sword!=!lucide-react' (imported as 'IconDashboard').

Import trace for requested module:
./src/components/layout/MobileNav.tsx
./src/components/providers/RootProvider.tsx

./src/components/layout/MobileNav.tsx
Attempted import error: 'IconLogout' is not exported from '__barrel_optimize__?names=IconDashboard,IconLogout,IconSettings,IconUser,IconWand,Sword!=!lucide-react' (imported as 'IconLogout').

Import trace for requested module:
./src/components/layout/MobileNav.tsx
./src/components/providers/RootProvider.tsx

./src/components/monsters/MonsterCard.tsx
Attempted import error: 'HeartFilled' is not exported from '__barrel_optimize__?names=Footprints,Heart,HeartFilled,IconChevronDown,IconChevronUp,IconDots,IconEdit,IconEye,IconTrash,Shield,Sword!=!lucide-react' (imported as 'HeartFilled').

Import trace for requested module:
./src/components/monsters/MonsterCard.tsx
./src/components/monsters/MonsterList.tsx
./app/monsters/page.tsx

./src/components/monsters/MonsterCard.tsx
Attempted import error: 'IconDots' is not exported from '__barrel_optimize__?names=Footprints,Heart,HeartFilled,IconChevronDown,IconChevronUp,IconDots,IconEdit,IconEye,IconTrash,Shield,Sword!=!lucide-react' (imported as 'IconDots').

Import trace for requested module:
./src/components/monsters/MonsterCard.tsx
./src/components/monsters/MonsterList.tsx
./app/monsters/page.tsx

./src/components/monsters/MonsterCard.tsx
Attempted import error: 'IconEye' is not exported from '__barrel_optimize__?names=Footprints,Heart,HeartFilled,IconChevronDown,IconChevronUp,IconDots,IconEdit,IconEye,IconTrash,Shield,Sword!=!lucide-react' (imported as 'IconEye').

Import trace for requested module:
./src/components/monsters/MonsterCard.tsx
./src/components/monsters/MonsterList.tsx
./app/monsters/page.tsx

./src/components/monsters/MonsterCard.tsx
Attempted import error: 'IconEdit' is not exported from '__barrel_optimize__?names=Footprints,Heart,HeartFilled,IconChevronDown,IconChevronUp,IconDots,IconEdit,IconEye,IconTrash,Shield,Sword!=!lucide-react' (imported as 'IconEdit').

Import trace for requested module:
./src/components/monsters/MonsterCard.tsx
./src/components/monsters/MonsterList.tsx
./app/monsters/page.tsx

./src/components/monsters/MonsterCard.tsx
Attempted import error: 'IconTrash' is not exported from '__barrel_optimize__?names=Footprints,Heart,HeartFilled,IconChevronDown,IconChevronUp,IconDots,IconEdit,IconEye,IconTrash,Shield,Sword!=!lucide-react' (imported as 'IconTrash').

Import trace for requested module:
./src/components/monsters/MonsterCard.tsx
./src/components/monsters/MonsterList.tsx
./app/monsters/page.tsx

./src/components/monsters/MonsterCard.tsx
Attempted import error: 'IconChevronUp' is not exported from '__barrel_optimize__?names=Footprints,Heart,HeartFilled,IconChevronDown,IconChevronUp,IconDots,IconEdit,IconEye,IconTrash,Shield,Sword!=!lucide-react' (imported as 'IconChevronUp').

Import trace for requested module:
./src/components/monsters/MonsterCard.tsx
./src/components/monsters/MonsterList.tsx
./app/monsters/page.tsx

./src/components/monsters/MonsterCard.tsx
Attempted import error: 'IconChevronDown' is not exported from '__barrel_optimize__?names=Footprints,Heart,HeartFilled,IconChevronDown,IconChevronUp,IconDots,IconEdit,IconEye,IconTrash,Shield,Sword!=!lucide-react' (imported as 'IconChevronDown').

Import trace for requested module:
./src/components/monsters/MonsterCard.tsx
./src/components/monsters/MonsterList.tsx
./app/monsters/page.tsx

./src/components/monsters/MonsterFilters.tsx
Attempted import error: 'IconFilter' is not exported from '__barrel_optimize__?names=IconChevronDown,IconChevronUp,IconFilter,IconFilterOff,Search!=!lucide-react' (imported as 'IconFilter').

Import trace for requested module:
./src/components/monsters/MonsterFilters.tsx
./app/monsters/page.tsx

./src/components/monsters/MonsterFilters.tsx
Attempted import error: 'IconChevronUp' is not exported from '__barrel_optimize__?names=IconChevronDown,IconChevronUp,IconFilter,IconFilterOff,Search!=!lucide-react' (imported as 'IconChevronUp').

Import trace for requested module:
./src/components/monsters/MonsterFilters.tsx
./app/monsters/page.tsx

./src/components/monsters/MonsterFilters.tsx
Attempted import error: 'IconChevronDown' is not exported from '__barrel_optimize__?names=IconChevronDown,IconChevronUp,IconFilter,IconFilterOff,Search!=!lucide-react' (imported as 'IconChevronDown').

Import trace for requested module:
./src/components/monsters/MonsterFilters.tsx
./app/monsters/page.tsx

./src/components/monsters/MonsterFilters.tsx
Attempted import error: 'IconFilterOff' is not exported from '__barrel_optimize__?names=IconChevronDown,IconChevronUp,IconFilter,IconFilterOff,Search!=!lucide-react' (imported as 'IconFilterOff').

Import trace for requested module:
./src/components/monsters/MonsterFilters.tsx
./app/monsters/page.tsx

./src/components/spells/SpellCard.tsx
Attempted import error: 'IconChevronUp' is not exported from '__barrel_optimize__?names=Book,Clock,IconChevronDown,IconChevronUp,Ruler,Users!=!lucide-react' (imported as 'IconChevronUp').

Import trace for requested module:
./src/components/spells/SpellCard.tsx
./src/components/spells/SpellList.tsx
./app/spells/page.tsx

./src/components/spells/SpellCard.tsx
Attempted import error: 'IconChevronDown' is not exported from '__barrel_optimize__?names=Book,Clock,IconChevronDown,IconChevronUp,Ruler,Users!=!lucide-react' (imported as 'IconChevronDown').

Import trace for requested module:
./src/components/spells/SpellCard.tsx
./src/components/spells/SpellList.tsx
./app/spells/page.tsx

./src/components/spells/SpellFilters.tsx
Attempted import error: 'IconFilter' is not exported from '__barrel_optimize__?names=IconChevronDown,IconChevronUp,IconFilter,IconFilterOff,Search!=!lucide-react' (imported as 'IconFilter').

Import trace for requested module:
./src/components/spells/SpellFilters.tsx
./app/spells/page.tsx

./src/components/spells/SpellFilters.tsx
Attempted import error: 'IconChevronUp' is not exported from '__barrel_optimize__?names=IconChevronDown,IconChevronUp,IconFilter,IconFilterOff,Search!=!lucide-react' (imported as 'IconChevronUp').

Import trace for requested module:
./src/components/spells/SpellFilters.tsx
./app/spells/page.tsx

./src/components/spells/SpellFilters.tsx
Attempted import error: 'IconChevronDown' is not exported from '__barrel_optimize__?names=IconChevronDown,IconChevronUp,IconFilter,IconFilterOff,Search!=!lucide-react' (imported as 'IconChevronDown').

Import trace for requested module:
./src/components/spells/SpellFilters.tsx
./app/spells/page.tsx

./src/components/spells/SpellFilters.tsx
Attempted import error: 'IconFilterOff' is not exported from '__barrel_optimize__?names=IconChevronDown,IconChevronUp,IconFilter,IconFilterOff,Search!=!lucide-react' (imported as 'IconFilterOff').

Import trace for requested module:
./src/components/spells/SpellFilters.tsx
./app/spells/page.tsx

Warning: Ignoring extra certs from `/Users/dmccord/Apex.pem`, load failed: error:80000002:system library::No such file or directory
(node:94962) Warning: Setting the NODE_TLS_REJECT_UNAUTHORIZED environment variable to '0' makes TLS connections and HTTPS requests insecure by disabling certificate verification.
(Use `node --trace-warnings ...` to show where the warning was created)
<w> [webpack.cache.PackFileCacheStrategy] Serializing big strings (108kiB) impacts deserialization performance (consider using Buffer instead and decode when needed)
 ⚠ Compiled with warnings in 900ms

./node_modules/@supabase/realtime-js/dist/module/lib/websocket-factory.js
A Node.js API is used (process.versions at line: 35) which is not supported in the Edge Runtime.
Learn more: https://nextjs.org/docs/api-reference/edge-runtime

Import trace for requested module:
./node_modules/@supabase/realtime-js/dist/module/lib/websocket-factory.js
./node_modules/@supabase/realtime-js/dist/module/index.js
./node_modules/@supabase/supabase-js/dist/module/index.js
./node_modules/@supabase/ssr/dist/module/createBrowserClient.js
./node_modules/@supabase/ssr/dist/module/index.js
./lib/supabase/middleware.ts

./node_modules/@supabase/supabase-js/dist/module/index.js
A Node.js API is used (process.version at line: 24) which is not supported in the Edge Runtime.
Learn more: https://nextjs.org/docs/api-reference/edge-runtime

Import trace for requested module:
./node_modules/@supabase/supabase-js/dist/module/index.js
./node_modules/@supabase/ssr/dist/module/createBrowserClient.js
./node_modules/@supabase/ssr/dist/module/index.js
./lib/supabase/middleware.ts

Warning: Ignoring extra certs from `/Users/dmccord/Apex.pem`, load failed: error:80000002:system library::No such file or directory
 ⚠ Compiled with warnings in 3.2s

./src/components/layout/MobileNav.tsx
Attempted import error: 'IconWand' is not exported from '__barrel_optimize__?names=IconDashboard,IconLogout,IconSettings,IconUser,IconWand,Sword!=!lucide-react' (imported as 'IconWand').

Import trace for requested module:
./src/components/layout/MobileNav.tsx
./src/components/providers/RootProvider.tsx

./src/components/layout/MobileNav.tsx
Attempted import error: 'IconUser' is not exported from '__barrel_optimize__?names=IconDashboard,IconLogout,IconSettings,IconUser,IconWand,Sword!=!lucide-react' (imported as 'IconUser').

Import trace for requested module:
./src/components/layout/MobileNav.tsx
./src/components/providers/RootProvider.tsx

./src/components/layout/MobileNav.tsx
Attempted import error: 'IconSettings' is not exported from '__barrel_optimize__?names=IconDashboard,IconLogout,IconSettings,IconUser,IconWand,Sword!=!lucide-react' (imported as 'IconSettings').

Import trace for requested module:
./src/components/layout/MobileNav.tsx
./src/components/providers/RootProvider.tsx

./src/components/layout/MobileNav.tsx
Attempted import error: 'IconDashboard' is not exported from '__barrel_optimize__?names=IconDashboard,IconLogout,IconSettings,IconUser,IconWand,Sword!=!lucide-react' (imported as 'IconDashboard').

Import trace for requested module:
./src/components/layout/MobileNav.tsx
./src/components/providers/RootProvider.tsx

./src/components/layout/MobileNav.tsx
Attempted import error: 'IconLogout' is not exported from '__barrel_optimize__?names=IconDashboard,IconLogout,IconSettings,IconUser,IconWand,Sword!=!lucide-react' (imported as 'IconLogout').

Import trace for requested module:
./src/components/layout/MobileNav.tsx
./src/components/providers/RootProvider.tsx

./src/components/monsters/MonsterCard.tsx
Attempted import error: 'HeartFilled' is not exported from '__barrel_optimize__?names=Footprints,Heart,HeartFilled,IconChevronDown,IconChevronUp,IconDots,IconEdit,IconEye,IconTrash,Shield,Sword!=!lucide-react' (imported as 'HeartFilled').

Import trace for requested module:
./src/components/monsters/MonsterCard.tsx
./src/components/monsters/MonsterList.tsx
./app/monsters/page.tsx

./src/components/monsters/MonsterCard.tsx
Attempted import error: 'IconDots' is not exported from '__barrel_optimize__?names=Footprints,Heart,HeartFilled,IconChevronDown,IconChevronUp,IconDots,IconEdit,IconEye,IconTrash,Shield,Sword!=!lucide-react' (imported as 'IconDots').

Import trace for requested module:
./src/components/monsters/MonsterCard.tsx
./src/components/monsters/MonsterList.tsx
./app/monsters/page.tsx

./src/components/monsters/MonsterCard.tsx
Attempted import error: 'IconEye' is not exported from '__barrel_optimize__?names=Footprints,Heart,HeartFilled,IconChevronDown,IconChevronUp,IconDots,IconEdit,IconEye,IconTrash,Shield,Sword!=!lucide-react' (imported as 'IconEye').

Import trace for requested module:
./src/components/monsters/MonsterCard.tsx
./src/components/monsters/MonsterList.tsx
./app/monsters/page.tsx

./src/components/monsters/MonsterCard.tsx
Attempted import error: 'IconEdit' is not exported from '__barrel_optimize__?names=Footprints,Heart,HeartFilled,IconChevronDown,IconChevronUp,IconDots,IconEdit,IconEye,IconTrash,Shield,Sword!=!lucide-react' (imported as 'IconEdit').

Import trace for requested module:
./src/components/monsters/MonsterCard.tsx
./src/components/monsters/MonsterList.tsx
./app/monsters/page.tsx

./src/components/monsters/MonsterCard.tsx
Attempted import error: 'IconTrash' is not exported from '__barrel_optimize__?names=Footprints,Heart,HeartFilled,IconChevronDown,IconChevronUp,IconDots,IconEdit,IconEye,IconTrash,Shield,Sword!=!lucide-react' (imported as 'IconTrash').

Import trace for requested module:
./src/components/monsters/MonsterCard.tsx
./src/components/monsters/MonsterList.tsx
./app/monsters/page.tsx

./src/components/monsters/MonsterCard.tsx
Attempted import error: 'IconChevronUp' is not exported from '__barrel_optimize__?names=Footprints,Heart,HeartFilled,IconChevronDown,IconChevronUp,IconDots,IconEdit,IconEye,IconTrash,Shield,Sword!=!lucide-react' (imported as 'IconChevronUp').

Import trace for requested module:
./src/components/monsters/MonsterCard.tsx
./src/components/monsters/MonsterList.tsx
./app/monsters/page.tsx

./src/components/monsters/MonsterCard.tsx
Attempted import error: 'IconChevronDown' is not exported from '__barrel_optimize__?names=Footprints,Heart,HeartFilled,IconChevronDown,IconChevronUp,IconDots,IconEdit,IconEye,IconTrash,Shield,Sword!=!lucide-react' (imported as 'IconChevronDown').

Import trace for requested module:
./src/components/monsters/MonsterCard.tsx
./src/components/monsters/MonsterList.tsx
./app/monsters/page.tsx

./src/components/monsters/MonsterFilters.tsx
Attempted import error: 'IconFilter' is not exported from '__barrel_optimize__?names=IconChevronDown,IconChevronUp,IconFilter,IconFilterOff,Search!=!lucide-react' (imported as 'IconFilter').

Import trace for requested module:
./src/components/monsters/MonsterFilters.tsx
./app/monsters/page.tsx

./src/components/monsters/MonsterFilters.tsx
Attempted import error: 'IconChevronUp' is not exported from '__barrel_optimize__?names=IconChevronDown,IconChevronUp,IconFilter,IconFilterOff,Search!=!lucide-react' (imported as 'IconChevronUp').

Import trace for requested module:
./src/components/monsters/MonsterFilters.tsx
./app/monsters/page.tsx

./src/components/monsters/MonsterFilters.tsx
Attempted import error: 'IconChevronDown' is not exported from '__barrel_optimize__?names=IconChevronDown,IconChevronUp,IconFilter,IconFilterOff,Search!=!lucide-react' (imported as 'IconChevronDown').

Import trace for requested module:
./src/components/monsters/MonsterFilters.tsx
./app/monsters/page.tsx

./src/components/monsters/MonsterFilters.tsx
Attempted import error: 'IconFilterOff' is not exported from '__barrel_optimize__?names=IconChevronDown,IconChevronUp,IconFilter,IconFilterOff,Search!=!lucide-react' (imported as 'IconFilterOff').

Import trace for requested module:
./src/components/monsters/MonsterFilters.tsx
./app/monsters/page.tsx

./src/components/spells/SpellCard.tsx
Attempted import error: 'IconChevronUp' is not exported from '__barrel_optimize__?names=Book,Clock,IconChevronDown,IconChevronUp,Ruler,Users!=!lucide-react' (imported as 'IconChevronUp').

Import trace for requested module:
./src/components/spells/SpellCard.tsx
./src/components/spells/SpellList.tsx
./app/spells/page.tsx

./src/components/spells/SpellCard.tsx
Attempted import error: 'IconChevronDown' is not exported from '__barrel_optimize__?names=Book,Clock,IconChevronDown,IconChevronUp,Ruler,Users!=!lucide-react' (imported as 'IconChevronDown').

Import trace for requested module:
./src/components/spells/SpellCard.tsx
./src/components/spells/SpellList.tsx
./app/spells/page.tsx

./src/components/spells/SpellFilters.tsx
Attempted import error: 'IconFilter' is not exported from '__barrel_optimize__?names=IconChevronDown,IconChevronUp,IconFilter,IconFilterOff,Search!=!lucide-react' (imported as 'IconFilter').

Import trace for requested module:
./src/components/spells/SpellFilters.tsx
./app/spells/page.tsx

./src/components/spells/SpellFilters.tsx
Attempted import error: 'IconChevronUp' is not exported from '__barrel_optimize__?names=IconChevronDown,IconChevronUp,IconFilter,IconFilterOff,Search!=!lucide-react' (imported as 'IconChevronUp').

Import trace for requested module:
./src/components/spells/SpellFilters.tsx
./app/spells/page.tsx

./src/components/spells/SpellFilters.tsx
Attempted import error: 'IconChevronDown' is not exported from '__barrel_optimize__?names=IconChevronDown,IconChevronUp,IconFilter,IconFilterOff,Search!=!lucide-react' (imported as 'IconChevronDown').

Import trace for requested module:
./src/components/spells/SpellFilters.tsx
./app/spells/page.tsx

./src/components/spells/SpellFilters.tsx
Attempted import error: 'IconFilterOff' is not exported from '__barrel_optimize__?names=IconChevronDown,IconChevronUp,IconFilter,IconFilterOff,Search!=!lucide-react' (imported as 'IconFilterOff').

Import trace for requested module:
./src/components/spells/SpellFilters.tsx
./app/spells/page.tsx

 ✓ Compiled successfully in 8.5s
   Linting and checking validity of types ...
Warning: Ignoring extra certs from `/Users/dmccord/Apex.pem`, load failed: error:80000002:system library::No such file or directory
Warning: Ignoring extra certs from `/Users/dmccord/Apex.pem`, load failed: error:80000002:system library::No such file or directory
Failed to compile.

./src/components/layout/MobileNav.tsx:12:3
Type error: Module '"lucide-react"' has no exported member 'IconWand'.

[0m [90m 10 |[39m [36mimport[39m {
 [90m 11 |[39m   [33mSword[39m[33m,[39m
[31m[1m>[22m[39m[90m 12 |[39m   [33mIconWand[39m[33m,[39m
 [90m    |[39m   [31m[1m^[22m[39m
 [90m 13 |[39m   [33mIconUser[39m[33m,[39m
 [90m 14 |[39m   [33mIconSettings[39m[33m,[39m
 [90m 15 |[39m   [33mIconDashboard[39m[33m,[39m[0m
Next.js build worker exited with code: 1 and signal: null
